<?xml version="1.0" encoding="UTF-8"?>
<testsuites name="jest tests" tests="5" failures="3" time="5.52">
  <testsuite name="undefined" errors="0" failures="3" skipped="0" timestamp="2021-05-15T16:14:22" time="4.421" tests="5">
    <testcase classname=" Should Add item to cart" name=" Should Add item to cart" time="0.083">
    </testcase>
    <testcase classname=" Should Calculate correct price before selecting coupon" name=" Should Calculate correct price before selecting coupon" time="0.044">
    </testcase>
    <testcase classname=" Should calculate discounts on selecting a coupon" name=" Should calculate discounts on selecting a coupon" time="0.025">
      <failure>Error: expect(received).toEqual(expected) // deep equality

Expected: 5
Received: 10
    at Object.&lt;anonymous&gt; (C:\laragon\www\88f9966e-0e98-4794-b518-3a6b74cdd343\src\App.test.js:140:34)
    at Object.asyncJestTest (C:\laragon\www\88f9966e-0e98-4794-b518-3a6b74cdd343\node_modules\jest-jasmine2\build\jasmineAsyncInstall.js:102:37)
    at C:\laragon\www\88f9966e-0e98-4794-b518-3a6b74cdd343\node_modules\jest-jasmine2\build\queueRunner.js:43:12
    at new Promise (&lt;anonymous&gt;)
    at mapper (C:\laragon\www\88f9966e-0e98-4794-b518-3a6b74cdd343\node_modules\jest-jasmine2\build\queueRunner.js:26:19)
    at C:\laragon\www\88f9966e-0e98-4794-b518-3a6b74cdd343\node_modules\jest-jasmine2\build\queueRunner.js:73:41</failure>
    </testcase>
    <testcase classname=" Should recalculate prices when item is removed from cart" name=" Should recalculate prices when item is removed from cart" time="0.031">
      <failure>Error: expect(received).toEqual(expected) // deep equality

Expected: 6
Received: 20
    at Object.&lt;anonymous&gt; (C:\laragon\www\88f9966e-0e98-4794-b518-3a6b74cdd343\src\App.test.js:155:34)
    at Object.asyncJestTest (C:\laragon\www\88f9966e-0e98-4794-b518-3a6b74cdd343\node_modules\jest-jasmine2\build\jasmineAsyncInstall.js:102:37)
    at C:\laragon\www\88f9966e-0e98-4794-b518-3a6b74cdd343\node_modules\jest-jasmine2\build\queueRunner.js:43:12
    at new Promise (&lt;anonymous&gt;)
    at mapper (C:\laragon\www\88f9966e-0e98-4794-b518-3a6b74cdd343\node_modules\jest-jasmine2\build\queueRunner.js:26:19)
    at C:\laragon\www\88f9966e-0e98-4794-b518-3a6b74cdd343\node_modules\jest-jasmine2\build\queueRunner.js:73:41</failure>
    </testcase>
    <testcase classname=" Should recalculate prices when coupon is changed" name=" Should recalculate prices when coupon is changed" time="0.028">
      <failure>Error: expect(received).toEqual(expected) // deep equality

Expected: 6
Received: 20
    at Object.&lt;anonymous&gt; (C:\laragon\www\88f9966e-0e98-4794-b518-3a6b74cdd343\src\App.test.js:182:34)
    at Object.asyncJestTest (C:\laragon\www\88f9966e-0e98-4794-b518-3a6b74cdd343\node_modules\jest-jasmine2\build\jasmineAsyncInstall.js:102:37)
    at C:\laragon\www\88f9966e-0e98-4794-b518-3a6b74cdd343\node_modules\jest-jasmine2\build\queueRunner.js:43:12
    at new Promise (&lt;anonymous&gt;)
    at mapper (C:\laragon\www\88f9966e-0e98-4794-b518-3a6b74cdd343\node_modules\jest-jasmine2\build\queueRunner.js:26:19)
    at C:\laragon\www\88f9966e-0e98-4794-b518-3a6b74cdd343\node_modules\jest-jasmine2\build\queueRunner.js:73:41</failure>
    </testcase>
  </testsuite>
</testsuites>